---
source: crates/mockql-core/src/graphql/mock_directive_extractor.rs
expression: "match MOCK_DIRECTIVE_EXTRACTOR.extract(&content, operation_name.as_deref())\n{\n    Ok(scenario) => serde_json::to_string_pretty(&scenario).unwrap(),\n    Err(error) => format!(\"{error:?}\"),\n}"
input_file: crates/mockql-core/src/graphql/snapshots/mock_directive_extractor/edge_cases/nested_mock_directives.graphql
---
{
  "type": "AllTopLevelFieldsMocked",
  "data": {
    "document": "{ topProducts(first: 5) @mock(hint: \"popular products\") { upc name reviews @mock(hint: \"positive reviews\") { body } } }",
    "mocked_fields": [
      {
        "path": "topProducts.reviews",
        "hint": "positive reviews",
        "return_type": "Review"
      },
      {
        "path": "topProducts",
        "hint": "popular products",
        "return_type": "Product"
      }
    ]
  }
}
