---
source: crates/mockql-core/src/graphql/response_merger.rs
input_file: crates/mockql-core/src/graphql/snapshots/response_merger/error_cases/null_parent_with_mocked_child.json
---
NonMergeableKeys { path: "person.homeworld", details: "Upstream GraphQL response returned null for this field, cannot merge mocked object into null" }
