---
source: crates/mockql-core/src/graphql/mock_directive_extractor.rs
expression: "match MOCK_DIRECTIVE_EXTRACTOR.extract(&content, operation_name.as_deref())\n{\n    Ok(scenario) => serde_json::to_string_pretty(&scenario).unwrap(),\n    Err(error) => format!(\"{:?}\", error),\n}"
input_file: crates/mockql-core/src/graphql/snapshots/mock_directive_extractor/error_handling/mock_on_nonexistent_field.graphql
---
ParseError(["type `Query` does not have a field `nonExistentField`"])
