---
source: crates/mockql-core/src/graphql/operation_field_filter/mod.rs
input_file: crates/mockql-core/src/graphql/snapshots/operation_field_filter/different_levels/not_nested.graphql
---
query ComplexQuery {
  recommendedProducts {
    upc
    name
  }
  me {
    id
    reviews {
      id
    }
  }
}
