---
source: crates/mockql-core/src/graphql/operation_field_filter/mod.rs
input_file: crates/mockql-core/src/graphql/snapshots/operation_field_filter/error_handling/operation_not_found.graphql
---
RequestError { message: "No operation named 'NonExistentOperation'", location: None, is_suspected_validation_bug: false }
