---
source: crates/mockql-core/src/graphql/response_merger.rs
input_file: crates/mockql-core/src/graphql/snapshots/response_merger/disjoint_top_level/separate_root_fields.json
---
{
  "data": {
    "me": {
      "id": "1",
      "name": "Ada"
    },
    "topProducts": [
      {
        "upc": "1",
        "name": "Widget"
      }
    ]
  }
}
